Analysis & Synthesis report for fpga
Tue Jun 03 23:25:24 2025
Quartus Prime Version 18.1.0 Build 625 09/12/2018 SJ Lite Edition


---------------------
; Table of Contents ;
---------------------
  1. Legal Notice
  2. Analysis & Synthesis Summary
  3. Analysis & Synthesis Settings
  4. Parallel Compilation
  5. Analysis & Synthesis Source Files Read
  6. Analysis & Synthesis Resource Usage Summary
  7. Analysis & Synthesis Resource Utilization by Entity
  8. Analysis & Synthesis RAM Summary
  9. State Machine - |fpga|piano_recorder:piano_recorder_inst|current_state_reg
 10. Registers Removed During Synthesis
 11. General Register Statistics
 12. Inverted Register Statistics
 13. Registers Added for RAM Pass-Through Logic
 14. Multiplexer Restructuring Statistics (Restructuring Performed)
 15. Source assignments for piano_recorder:piano_recorder_inst|altsyncram:recorded_data_memory_rtl_0|altsyncram_usg1:auto_generated
 16. Parameter Settings for User Entity Instance: keyboard_scanner:keyboard_scanner_inst
 17. Parameter Settings for User Entity Instance: keyboard_scanner:keyboard_scanner_inst|debouncer:debounce_gen_block[0].inst_debouncer
 18. Parameter Settings for User Entity Instance: keyboard_scanner:keyboard_scanner_inst|debouncer:debounce_gen_block[1].inst_debouncer
 19. Parameter Settings for User Entity Instance: keyboard_scanner:keyboard_scanner_inst|debouncer:debounce_gen_block[2].inst_debouncer
 20. Parameter Settings for User Entity Instance: keyboard_scanner:keyboard_scanner_inst|debouncer:debounce_gen_block[3].inst_debouncer
 21. Parameter Settings for User Entity Instance: keyboard_scanner:keyboard_scanner_inst|debouncer:debounce_gen_block[4].inst_debouncer
 22. Parameter Settings for User Entity Instance: keyboard_scanner:keyboard_scanner_inst|debouncer:debounce_gen_block[5].inst_debouncer
 23. Parameter Settings for User Entity Instance: keyboard_scanner:keyboard_scanner_inst|debouncer:debounce_gen_block[6].inst_debouncer
 24. Parameter Settings for User Entity Instance: debouncer:octave_up_debouncer_inst
 25. Parameter Settings for User Entity Instance: debouncer:octave_down_debouncer_inst
 26. Parameter Settings for User Entity Instance: debouncer:record_debouncer_inst
 27. Parameter Settings for User Entity Instance: debouncer:playback_debouncer_inst
 28. Parameter Settings for User Entity Instance: piano_recorder:piano_recorder_inst
 29. Parameter Settings for Inferred Entity Instance: piano_recorder:piano_recorder_inst|altsyncram:recorded_data_memory_rtl_0
 30. altsyncram Parameter Settings by Entity Instance
 31. Port Connectivity Checks: "piano_recorder:piano_recorder_inst"
 32. Post-Synthesis Netlist Statistics for Top Partition
 33. Elapsed Time Per Partition
 34. Analysis & Synthesis Messages



----------------
; Legal Notice ;
----------------
Copyright (C) 2018  Intel Corporation. All rights reserved.
Your use of Intel Corporation's design tools, logic functions 
and other software and tools, and its AMPP partner logic 
functions, and any output files from any of the foregoing 
(including device programming or simulation files), and any 
associated documentation or information are expressly subject 
to the terms and conditions of the Intel Program License 
Subscription Agreement, the Intel Quartus Prime License Agreement,
the Intel FPGA IP License Agreement, or other applicable license
agreement, including, without limitation, that your use is for
the sole purpose of programming logic devices manufactured by
Intel and sold by Intel or its authorized distributors.  Please
refer to the applicable agreement for further details.



+----------------------------------------------------------------------------------+
; Analysis & Synthesis Summary                                                     ;
+------------------------------------+---------------------------------------------+
; Analysis & Synthesis Status        ; Successful - Tue Jun 03 23:25:24 2025       ;
; Quartus Prime Version              ; 18.1.0 Build 625 09/12/2018 SJ Lite Edition ;
; Revision Name                      ; fpga                                        ;
; Top-level Entity Name              ; fpga                                        ;
; Family                             ; Cyclone IV E                                ;
; Total logic elements               ; 744                                         ;
;     Total combinational functions  ; 706                                         ;
;     Dedicated logic registers      ; 380                                         ;
; Total registers                    ; 380                                         ;
; Total pins                         ; 30                                          ;
; Total virtual pins                 ; 0                                           ;
; Total memory bits                  ; 3,072                                       ;
; Embedded Multiplier 9-bit elements ; 0                                           ;
; Total PLLs                         ; 0                                           ;
+------------------------------------+---------------------------------------------+


+------------------------------------------------------------------------------------------------------------+
; Analysis & Synthesis Settings                                                                              ;
+------------------------------------------------------------------+--------------------+--------------------+
; Option                                                           ; Setting            ; Default Value      ;
+------------------------------------------------------------------+--------------------+--------------------+
; Device                                                           ; EP4CE10E22C8       ;                    ;
; Top-level entity name                                            ; fpga               ; fpga               ;
; Family name                                                      ; Cyclone IV E       ; Cyclone V          ;
; Use smart compilation                                            ; Off                ; Off                ;
; Enable parallel Assembler and Timing Analyzer during compilation ; On                 ; On                 ;
; Enable compact report table                                      ; Off                ; Off                ;
; Restructure Multiplexers                                         ; Auto               ; Auto               ;
; Create Debugging Nodes for IP Cores                              ; Off                ; Off                ;
; Preserve fewer node names                                        ; On                 ; On                 ;
; Intel FPGA IP Evaluation Mode                                    ; Enable             ; Enable             ;
; Verilog Version                                                  ; Verilog_2001       ; Verilog_2001       ;
; VHDL Version                                                     ; VHDL_1993          ; VHDL_1993          ;
; State Machine Processing                                         ; Auto               ; Auto               ;
; Safe State Machine                                               ; Off                ; Off                ;
; Extract Verilog State Machines                                   ; On                 ; On                 ;
; Extract VHDL State Machines                                      ; On                 ; On                 ;
; Ignore Verilog initial constructs                                ; Off                ; Off                ;
; Iteration limit for constant Verilog loops                       ; 5000               ; 5000               ;
; Iteration limit for non-constant Verilog loops                   ; 250                ; 250                ;
; Add Pass-Through Logic to Inferred RAMs                          ; On                 ; On                 ;
; Infer RAMs from Raw Logic                                        ; On                 ; On                 ;
; Parallel Synthesis                                               ; On                 ; On                 ;
; DSP Block Balancing                                              ; Auto               ; Auto               ;
; NOT Gate Push-Back                                               ; On                 ; On                 ;
; Power-Up Don't Care                                              ; On                 ; On                 ;
; Remove Redundant Logic Cells                                     ; Off                ; Off                ;
; Remove Duplicate Registers                                       ; On                 ; On                 ;
; Ignore CARRY Buffers                                             ; Off                ; Off                ;
; Ignore CASCADE Buffers                                           ; Off                ; Off                ;
; Ignore GLOBAL Buffers                                            ; Off                ; Off                ;
; Ignore ROW GLOBAL Buffers                                        ; Off                ; Off                ;
; Ignore LCELL Buffers                                             ; Off                ; Off                ;
; Ignore SOFT Buffers                                              ; On                 ; On                 ;
; Limit AHDL Integers to 32 Bits                                   ; Off                ; Off                ;
; Optimization Technique                                           ; Balanced           ; Balanced           ;
; Carry Chain Length                                               ; 70                 ; 70                 ;
; Auto Carry Chains                                                ; On                 ; On                 ;
; Auto Open-Drain Pins                                             ; On                 ; On                 ;
; Perform WYSIWYG Primitive Resynthesis                            ; Off                ; Off                ;
; Auto ROM Replacement                                             ; On                 ; On                 ;
; Auto RAM Replacement                                             ; On                 ; On                 ;
; Auto DSP Block Replacement                                       ; On                 ; On                 ;
; Auto Shift Register Replacement                                  ; Auto               ; Auto               ;
; Allow Shift Register Merging across Hierarchies                  ; Auto               ; Auto               ;
; Auto Clock Enable Replacement                                    ; On                 ; On                 ;
; Strict RAM Replacement                                           ; Off                ; Off                ;
; Allow Synchronous Control Signals                                ; On                 ; On                 ;
; Force Use of Synchronous Clear Signals                           ; Off                ; Off                ;
; Auto RAM Block Balancing                                         ; On                 ; On                 ;
; Auto RAM to Logic Cell Conversion                                ; Off                ; Off                ;
; Auto Resource Sharing                                            ; Off                ; Off                ;
; Allow Any RAM Size For Recognition                               ; Off                ; Off                ;
; Allow Any ROM Size For Recognition                               ; Off                ; Off                ;
; Allow Any Shift Register Size For Recognition                    ; Off                ; Off                ;
; Use LogicLock Constraints during Resource Balancing              ; On                 ; On                 ;
; Ignore translate_off and synthesis_off directives                ; Off                ; Off                ;
; Timing-Driven Synthesis                                          ; On                 ; On                 ;
; Report Parameter Settings                                        ; On                 ; On                 ;
; Report Source Assignments                                        ; On                 ; On                 ;
; Report Connectivity Checks                                       ; On                 ; On                 ;
; Ignore Maximum Fan-Out Assignments                               ; Off                ; Off                ;
; Synchronization Register Chain Length                            ; 2                  ; 2                  ;
; Power Optimization During Synthesis                              ; Normal compilation ; Normal compilation ;
; HDL message level                                                ; Level2             ; Level2             ;
; Suppress Register Optimization Related Messages                  ; Off                ; Off                ;
; Number of Removed Registers Reported in Synthesis Report         ; 5000               ; 5000               ;
; Number of Swept Nodes Reported in Synthesis Report               ; 5000               ; 5000               ;
; Number of Inverted Registers Reported in Synthesis Report        ; 100                ; 100                ;
; Clock MUX Protection                                             ; On                 ; On                 ;
; Auto Gated Clock Conversion                                      ; Off                ; Off                ;
; Block Design Naming                                              ; Auto               ; Auto               ;
; SDC constraint protection                                        ; Off                ; Off                ;
; Synthesis Effort                                                 ; Auto               ; Auto               ;
; Shift Register Replacement - Allow Asynchronous Clear Signal     ; On                 ; On                 ;
; Pre-Mapping Resynthesis Optimization                             ; Off                ; Off                ;
; Analysis & Synthesis Message Level                               ; Medium             ; Medium             ;
; Disable Register Merging Across Hierarchies                      ; Auto               ; Auto               ;
; Resource Aware Inference For Block RAM                           ; On                 ; On                 ;
+------------------------------------------------------------------+--------------------+--------------------+


+------------------------------------------+
; Parallel Compilation                     ;
+----------------------------+-------------+
; Processors                 ; Number      ;
+----------------------------+-------------+
; Number detected on machine ; 16          ;
; Maximum allowed            ; 10          ;
;                            ;             ;
; Average used               ; 1.00        ;
; Maximum used               ; 10          ;
;                            ;             ;
; Usage by Processor         ; % Time Used ;
;     Processor 1            ; 100.0%      ;
;     Processor 2            ;   0.0%      ;
;     Processor 3            ;   0.0%      ;
;     Processor 4            ;   0.0%      ;
;     Processor 5            ;   0.0%      ;
;     Processor 6            ;   0.0%      ;
;     Processor 7            ;   0.0%      ;
;     Processor 8            ;   0.0%      ;
;     Processors 9-10        ;   0.0%      ;
+----------------------------+-------------+


+----------------------------------------------------------------------------------------------------------------------------------------------------------------------------+
; Analysis & Synthesis Source Files Read                                                                                                                                     ;
+----------------------------------+-----------------+------------------------------+------------------------------------------------------------------------------+---------+
; File Name with User-Entered Path ; Used in Netlist ; File Type                    ; File Name with Absolute Path                                                 ; Library ;
+----------------------------------+-----------------+------------------------------+------------------------------------------------------------------------------+---------+
; fpga.v                           ; yes             ; User Verilog HDL File        ; D:/github_project/fpga/fpga.v                                                ;         ;
; debouncer.v                      ; yes             ; User Verilog HDL File        ; D:/github_project/fpga/debouncer.v                                           ;         ;
; keyboard_scanner.v               ; yes             ; User Verilog HDL File        ; D:/github_project/fpga/keyboard_scanner.v                                    ;         ;
; seven_segment_decoder.v          ; yes             ; User Verilog HDL File        ; D:/github_project/fpga/seven_segment_decoder.v                               ;         ;
; piano_recorder.v                 ; yes             ; User Verilog HDL File        ; D:/github_project/fpga/piano_recorder.v                                      ;         ;
; altsyncram.tdf                   ; yes             ; Megafunction                 ; d:/intelfpga_lite/18.1/quartus/libraries/megafunctions/altsyncram.tdf        ;         ;
; stratix_ram_block.inc            ; yes             ; Megafunction                 ; d:/intelfpga_lite/18.1/quartus/libraries/megafunctions/stratix_ram_block.inc ;         ;
; lpm_mux.inc                      ; yes             ; Megafunction                 ; d:/intelfpga_lite/18.1/quartus/libraries/megafunctions/lpm_mux.inc           ;         ;
; lpm_decode.inc                   ; yes             ; Megafunction                 ; d:/intelfpga_lite/18.1/quartus/libraries/megafunctions/lpm_decode.inc        ;         ;
; aglobal181.inc                   ; yes             ; Megafunction                 ; d:/intelfpga_lite/18.1/quartus/libraries/megafunctions/aglobal181.inc        ;         ;
; a_rdenreg.inc                    ; yes             ; Megafunction                 ; d:/intelfpga_lite/18.1/quartus/libraries/megafunctions/a_rdenreg.inc         ;         ;
; altrom.inc                       ; yes             ; Megafunction                 ; d:/intelfpga_lite/18.1/quartus/libraries/megafunctions/altrom.inc            ;         ;
; altram.inc                       ; yes             ; Megafunction                 ; d:/intelfpga_lite/18.1/quartus/libraries/megafunctions/altram.inc            ;         ;
; altdpram.inc                     ; yes             ; Megafunction                 ; d:/intelfpga_lite/18.1/quartus/libraries/megafunctions/altdpram.inc          ;         ;
; db/altsyncram_usg1.tdf           ; yes             ; Auto-Generated Megafunction  ; D:/github_project/fpga/db/altsyncram_usg1.tdf                                ;         ;
+----------------------------------+-----------------+------------------------------+------------------------------------------------------------------------------+---------+


+---------------------------------------------------------------+
; Analysis & Synthesis Resource Usage Summary                   ;
+---------------------------------------------+-----------------+
; Resource                                    ; Usage           ;
+---------------------------------------------+-----------------+
; Estimated Total logic elements              ; 744             ;
;                                             ;                 ;
; Total combinational functions               ; 706             ;
; Logic element usage by number of LUT inputs ;                 ;
;     -- 4 input functions                    ; 219             ;
;     -- 3 input functions                    ; 105             ;
;     -- <=2 input functions                  ; 382             ;
;                                             ;                 ;
; Logic elements by mode                      ;                 ;
;     -- normal mode                          ; 352             ;
;     -- arithmetic mode                      ; 354             ;
;                                             ;                 ;
; Total registers                             ; 380             ;
;     -- Dedicated logic registers            ; 380             ;
;     -- I/O registers                        ; 0               ;
;                                             ;                 ;
; I/O pins                                    ; 30              ;
; Total memory bits                           ; 3072            ;
;                                             ;                 ;
; Embedded Multiplier 9-bit elements          ; 0               ;
;                                             ;                 ;
; Maximum fan-out node                        ; clk_50mhz~input ;
; Maximum fan-out                             ; 386             ;
; Total fan-out                               ; 3719            ;
; Average fan-out                             ; 3.23            ;
+---------------------------------------------+-----------------+


+-----------------------------------------------------------------------------------------------------------------------------------------------------------------------------------------------------------------------------------------------------------------------------------------------------------------------------------------------+
; Analysis & Synthesis Resource Utilization by Entity                                                                                                                                                                                                                                                                                           ;
+----------------------------------------------------------+---------------------+---------------------------+-------------+--------------+---------+-----------+------+--------------+---------------------------------------------------------------------------------------------------------------+--------------------------+--------------+
; Compilation Hierarchy Node                               ; Combinational ALUTs ; Dedicated Logic Registers ; Memory Bits ; DSP Elements ; DSP 9x9 ; DSP 18x18 ; Pins ; Virtual Pins ; Full Hierarchy Name                                                                                           ; Entity Name              ; Library Name ;
+----------------------------------------------------------+---------------------+---------------------------+-------------+--------------+---------+-----------+------+--------------+---------------------------------------------------------------------------------------------------------------+--------------------------+--------------+
; |fpga                                                    ; 706 (142)           ; 380 (20)                  ; 3072        ; 0            ; 0       ; 0         ; 30   ; 0            ; |fpga                                                                                                         ; fpga                     ; work         ;
;    |debouncer:octave_down_debouncer_inst|                ; 30 (30)             ; 22 (22)                   ; 0           ; 0            ; 0       ; 0         ; 0    ; 0            ; |fpga|debouncer:octave_down_debouncer_inst                                                                    ; debouncer                ; work         ;
;    |debouncer:octave_up_debouncer_inst|                  ; 30 (30)             ; 22 (22)                   ; 0           ; 0            ; 0       ; 0         ; 0    ; 0            ; |fpga|debouncer:octave_up_debouncer_inst                                                                      ; debouncer                ; work         ;
;    |debouncer:playback_debouncer_inst|                   ; 30 (30)             ; 22 (22)                   ; 0           ; 0            ; 0       ; 0         ; 0    ; 0            ; |fpga|debouncer:playback_debouncer_inst                                                                       ; debouncer                ; work         ;
;    |debouncer:record_debouncer_inst|                     ; 30 (30)             ; 22 (22)                   ; 0           ; 0            ; 0       ; 0         ; 0    ; 0            ; |fpga|debouncer:record_debouncer_inst                                                                         ; debouncer                ; work         ;
;    |keyboard_scanner:keyboard_scanner_inst|              ; 217 (7)             ; 154 (0)                   ; 0           ; 0            ; 0       ; 0         ; 0    ; 0            ; |fpga|keyboard_scanner:keyboard_scanner_inst                                                                  ; keyboard_scanner         ; work         ;
;       |debouncer:debounce_gen_block[0].inst_debouncer|   ; 30 (30)             ; 22 (22)                   ; 0           ; 0            ; 0       ; 0         ; 0    ; 0            ; |fpga|keyboard_scanner:keyboard_scanner_inst|debouncer:debounce_gen_block[0].inst_debouncer                   ; debouncer                ; work         ;
;       |debouncer:debounce_gen_block[1].inst_debouncer|   ; 30 (30)             ; 22 (22)                   ; 0           ; 0            ; 0       ; 0         ; 0    ; 0            ; |fpga|keyboard_scanner:keyboard_scanner_inst|debouncer:debounce_gen_block[1].inst_debouncer                   ; debouncer                ; work         ;
;       |debouncer:debounce_gen_block[2].inst_debouncer|   ; 30 (30)             ; 22 (22)                   ; 0           ; 0            ; 0       ; 0         ; 0    ; 0            ; |fpga|keyboard_scanner:keyboard_scanner_inst|debouncer:debounce_gen_block[2].inst_debouncer                   ; debouncer                ; work         ;
;       |debouncer:debounce_gen_block[3].inst_debouncer|   ; 30 (30)             ; 22 (22)                   ; 0           ; 0            ; 0       ; 0         ; 0    ; 0            ; |fpga|keyboard_scanner:keyboard_scanner_inst|debouncer:debounce_gen_block[3].inst_debouncer                   ; debouncer                ; work         ;
;       |debouncer:debounce_gen_block[4].inst_debouncer|   ; 30 (30)             ; 22 (22)                   ; 0           ; 0            ; 0       ; 0         ; 0    ; 0            ; |fpga|keyboard_scanner:keyboard_scanner_inst|debouncer:debounce_gen_block[4].inst_debouncer                   ; debouncer                ; work         ;
;       |debouncer:debounce_gen_block[5].inst_debouncer|   ; 30 (30)             ; 22 (22)                   ; 0           ; 0            ; 0       ; 0         ; 0    ; 0            ; |fpga|keyboard_scanner:keyboard_scanner_inst|debouncer:debounce_gen_block[5].inst_debouncer                   ; debouncer                ; work         ;
;       |debouncer:debounce_gen_block[6].inst_debouncer|   ; 30 (30)             ; 22 (22)                   ; 0           ; 0            ; 0       ; 0         ; 0    ; 0            ; |fpga|keyboard_scanner:keyboard_scanner_inst|debouncer:debounce_gen_block[6].inst_debouncer                   ; debouncer                ; work         ;
;    |piano_recorder:piano_recorder_inst|                  ; 179 (179)           ; 89 (89)                   ; 3072        ; 0            ; 0       ; 0         ; 0    ; 0            ; |fpga|piano_recorder:piano_recorder_inst                                                                      ; piano_recorder           ; work         ;
;       |altsyncram:recorded_data_memory_rtl_0|            ; 0 (0)               ; 0 (0)                     ; 3072        ; 0            ; 0       ; 0         ; 0    ; 0            ; |fpga|piano_recorder:piano_recorder_inst|altsyncram:recorded_data_memory_rtl_0                                ; altsyncram               ; work         ;
;          |altsyncram_usg1:auto_generated|                ; 0 (0)               ; 0 (0)                     ; 3072        ; 0            ; 0       ; 0         ; 0    ; 0            ; |fpga|piano_recorder:piano_recorder_inst|altsyncram:recorded_data_memory_rtl_0|altsyncram_usg1:auto_generated ; altsyncram_usg1          ; work         ;
;    |seven_segment_controller:seven_segment_display_inst| ; 48 (48)             ; 29 (29)                   ; 0           ; 0            ; 0       ; 0         ; 0    ; 0            ; |fpga|seven_segment_controller:seven_segment_display_inst                                                     ; seven_segment_controller ; work         ;
+----------------------------------------------------------+---------------------+---------------------------+-------------+--------------+---------+-----------+------+--------------+---------------------------------------------------------------------------------------------------------------+--------------------------+--------------+
Note: For table entries with two numbers listed, the numbers in parentheses indicate the number of resources of the given type used by the specific entity alone. The numbers listed outside of parentheses indicate the total resources of the given type used by the specific entity and all of its sub-entities in the hierarchy.


+------------------------------------------------------------------------------------------------------------------------------------------------------------------------------------------------------------------------+
; Analysis & Synthesis RAM Summary                                                                                                                                                                                       ;
+--------------------------------------------------------------------------------------------------------------------+------+------------------+--------------+--------------+--------------+--------------+------+------+
; Name                                                                                                               ; Type ; Mode             ; Port A Depth ; Port A Width ; Port B Depth ; Port B Width ; Size ; MIF  ;
+--------------------------------------------------------------------------------------------------------------------+------+------------------+--------------+--------------+--------------+--------------+------+------+
; piano_recorder:piano_recorder_inst|altsyncram:recorded_data_memory_rtl_0|altsyncram_usg1:auto_generated|ALTSYNCRAM ; AUTO ; Simple Dual Port ; 512          ; 6            ; 512          ; 6            ; 3072 ; None ;
+--------------------------------------------------------------------------------------------------------------------+------+------------------+--------------+--------------+--------------+--------------+------+------+


Encoding Type:  One-Hot
+-------------------------------------------------------------------------------------------------------------------------+
; State Machine - |fpga|piano_recorder:piano_recorder_inst|current_state_reg                                              ;
+-------------------------------+--------------------------+------------------------------+-------------------------------+
; Name                          ; current_state_reg.S_IDLE ; current_state_reg.S_PLAYBACK ; current_state_reg.S_RECORDING ;
+-------------------------------+--------------------------+------------------------------+-------------------------------+
; current_state_reg.S_IDLE      ; 0                        ; 0                            ; 0                             ;
; current_state_reg.S_RECORDING ; 1                        ; 0                            ; 1                             ;
; current_state_reg.S_PLAYBACK  ; 1                        ; 1                            ; 0                             ;
+-------------------------------+--------------------------+------------------------------+-------------------------------+


+--------------------------------------------------------------------------------------------------------------------+
; Registers Removed During Synthesis                                                                                 ;
+---------------------------------------------------------------------------+----------------------------------------+
; Register name                                                             ; Reason for Removal                     ;
+---------------------------------------------------------------------------+----------------------------------------+
; seven_segment_controller:seven_segment_display_inst|seg_dp                ; Stuck at GND due to stuck port data_in ;
; seven_segment_controller:seven_segment_display_inst|digit_selects[0,3..7] ; Stuck at GND due to stuck port data_in ;
; Total Number of Removed Registers = 7                                     ;                                        ;
+---------------------------------------------------------------------------+----------------------------------------+


+------------------------------------------------------+
; General Register Statistics                          ;
+----------------------------------------------+-------+
; Statistic                                    ; Value ;
+----------------------------------------------+-------+
; Total registers                              ; 380   ;
; Number of registers using Synchronous Clear  ; 247   ;
; Number of registers using Synchronous Load   ; 5     ;
; Number of registers using Asynchronous Clear ; 356   ;
; Number of registers using Asynchronous Load  ; 0     ;
; Number of registers using Clock Enable       ; 249   ;
; Number of registers using Preset             ; 0     ;
+----------------------------------------------+-------+


+--------------------------------------------------------------------------------------------+
; Inverted Register Statistics                                                               ;
+----------------------------------------------------------------------------------+---------+
; Inverted Register                                                                ; Fan out ;
+----------------------------------------------------------------------------------+---------+
; seven_segment_controller:seven_segment_display_inst|current_timeslot_is_for_seg1 ; 12      ;
; Total number of inverted registers = 1                                           ;         ;
+----------------------------------------------------------------------------------+---------+


+------------------------------------------------------------------------------------------------------------------------------------------+
; Registers Added for RAM Pass-Through Logic                                                                                               ;
+--------------------------------------------------------------------------+---------------------------------------------------------------+
; Register Name                                                            ; RAM Name                                                      ;
+--------------------------------------------------------------------------+---------------------------------------------------------------+
; piano_recorder:piano_recorder_inst|recorded_data_memory_rtl_0_bypass[0]  ; piano_recorder:piano_recorder_inst|recorded_data_memory_rtl_0 ;
; piano_recorder:piano_recorder_inst|recorded_data_memory_rtl_0_bypass[1]  ; piano_recorder:piano_recorder_inst|recorded_data_memory_rtl_0 ;
; piano_recorder:piano_recorder_inst|recorded_data_memory_rtl_0_bypass[2]  ; piano_recorder:piano_recorder_inst|recorded_data_memory_rtl_0 ;
; piano_recorder:piano_recorder_inst|recorded_data_memory_rtl_0_bypass[3]  ; piano_recorder:piano_recorder_inst|recorded_data_memory_rtl_0 ;
; piano_recorder:piano_recorder_inst|recorded_data_memory_rtl_0_bypass[4]  ; piano_recorder:piano_recorder_inst|recorded_data_memory_rtl_0 ;
; piano_recorder:piano_recorder_inst|recorded_data_memory_rtl_0_bypass[5]  ; piano_recorder:piano_recorder_inst|recorded_data_memory_rtl_0 ;
; piano_recorder:piano_recorder_inst|recorded_data_memory_rtl_0_bypass[6]  ; piano_recorder:piano_recorder_inst|recorded_data_memory_rtl_0 ;
; piano_recorder:piano_recorder_inst|recorded_data_memory_rtl_0_bypass[7]  ; piano_recorder:piano_recorder_inst|recorded_data_memory_rtl_0 ;
; piano_recorder:piano_recorder_inst|recorded_data_memory_rtl_0_bypass[8]  ; piano_recorder:piano_recorder_inst|recorded_data_memory_rtl_0 ;
; piano_recorder:piano_recorder_inst|recorded_data_memory_rtl_0_bypass[9]  ; piano_recorder:piano_recorder_inst|recorded_data_memory_rtl_0 ;
; piano_recorder:piano_recorder_inst|recorded_data_memory_rtl_0_bypass[10] ; piano_recorder:piano_recorder_inst|recorded_data_memory_rtl_0 ;
; piano_recorder:piano_recorder_inst|recorded_data_memory_rtl_0_bypass[11] ; piano_recorder:piano_recorder_inst|recorded_data_memory_rtl_0 ;
; piano_recorder:piano_recorder_inst|recorded_data_memory_rtl_0_bypass[12] ; piano_recorder:piano_recorder_inst|recorded_data_memory_rtl_0 ;
; piano_recorder:piano_recorder_inst|recorded_data_memory_rtl_0_bypass[13] ; piano_recorder:piano_recorder_inst|recorded_data_memory_rtl_0 ;
; piano_recorder:piano_recorder_inst|recorded_data_memory_rtl_0_bypass[14] ; piano_recorder:piano_recorder_inst|recorded_data_memory_rtl_0 ;
; piano_recorder:piano_recorder_inst|recorded_data_memory_rtl_0_bypass[15] ; piano_recorder:piano_recorder_inst|recorded_data_memory_rtl_0 ;
; piano_recorder:piano_recorder_inst|recorded_data_memory_rtl_0_bypass[16] ; piano_recorder:piano_recorder_inst|recorded_data_memory_rtl_0 ;
; piano_recorder:piano_recorder_inst|recorded_data_memory_rtl_0_bypass[17] ; piano_recorder:piano_recorder_inst|recorded_data_memory_rtl_0 ;
; piano_recorder:piano_recorder_inst|recorded_data_memory_rtl_0_bypass[18] ; piano_recorder:piano_recorder_inst|recorded_data_memory_rtl_0 ;
; piano_recorder:piano_recorder_inst|recorded_data_memory_rtl_0_bypass[19] ; piano_recorder:piano_recorder_inst|recorded_data_memory_rtl_0 ;
; piano_recorder:piano_recorder_inst|recorded_data_memory_rtl_0_bypass[20] ; piano_recorder:piano_recorder_inst|recorded_data_memory_rtl_0 ;
; piano_recorder:piano_recorder_inst|recorded_data_memory_rtl_0_bypass[21] ; piano_recorder:piano_recorder_inst|recorded_data_memory_rtl_0 ;
; piano_recorder:piano_recorder_inst|recorded_data_memory_rtl_0_bypass[22] ; piano_recorder:piano_recorder_inst|recorded_data_memory_rtl_0 ;
; piano_recorder:piano_recorder_inst|recorded_data_memory_rtl_0_bypass[23] ; piano_recorder:piano_recorder_inst|recorded_data_memory_rtl_0 ;
; piano_recorder:piano_recorder_inst|recorded_data_memory_rtl_0_bypass[24] ; piano_recorder:piano_recorder_inst|recorded_data_memory_rtl_0 ;
+--------------------------------------------------------------------------+---------------------------------------------------------------+


+-------------------------------------------------------------------------------------------------------------------------------------------------------------------------------------------------------------------------+
; Multiplexer Restructuring Statistics (Restructuring Performed)                                                                                                                                                          ;
+--------------------+-----------+---------------+----------------------+------------------------+------------+-----------------------------------------------------------------------------------------------------------+
; Multiplexer Inputs ; Bus Width ; Baseline Area ; Area if Restructured ; Saving if Restructured ; Registered ; Example Multiplexer Output                                                                                ;
+--------------------+-----------+---------------+----------------------+------------------------+------------+-----------------------------------------------------------------------------------------------------------+
; 3:1                ; 20 bits   ; 40 LEs        ; 20 LEs               ; 20 LEs                 ; Yes        ; |fpga|debouncer:playback_debouncer_inst|count_reg[19]                                                     ;
; 3:1                ; 20 bits   ; 40 LEs        ; 20 LEs               ; 20 LEs                 ; Yes        ; |fpga|debouncer:record_debouncer_inst|count_reg[1]                                                        ;
; 3:1                ; 20 bits   ; 40 LEs        ; 20 LEs               ; 20 LEs                 ; Yes        ; |fpga|debouncer:octave_up_debouncer_inst|count_reg[1]                                                     ;
; 3:1                ; 20 bits   ; 40 LEs        ; 20 LEs               ; 20 LEs                 ; Yes        ; |fpga|debouncer:octave_down_debouncer_inst|count_reg[4]                                                   ;
; 3:1                ; 20 bits   ; 40 LEs        ; 20 LEs               ; 20 LEs                 ; Yes        ; |fpga|keyboard_scanner:keyboard_scanner_inst|debouncer:debounce_gen_block[0].inst_debouncer|count_reg[10] ;
; 3:1                ; 20 bits   ; 40 LEs        ; 20 LEs               ; 20 LEs                 ; Yes        ; |fpga|keyboard_scanner:keyboard_scanner_inst|debouncer:debounce_gen_block[1].inst_debouncer|count_reg[7]  ;
; 3:1                ; 20 bits   ; 40 LEs        ; 20 LEs               ; 20 LEs                 ; Yes        ; |fpga|keyboard_scanner:keyboard_scanner_inst|debouncer:debounce_gen_block[2].inst_debouncer|count_reg[13] ;
; 3:1                ; 20 bits   ; 40 LEs        ; 20 LEs               ; 20 LEs                 ; Yes        ; |fpga|keyboard_scanner:keyboard_scanner_inst|debouncer:debounce_gen_block[3].inst_debouncer|count_reg[4]  ;
; 3:1                ; 20 bits   ; 40 LEs        ; 20 LEs               ; 20 LEs                 ; Yes        ; |fpga|keyboard_scanner:keyboard_scanner_inst|debouncer:debounce_gen_block[4].inst_debouncer|count_reg[0]  ;
; 3:1                ; 20 bits   ; 40 LEs        ; 20 LEs               ; 20 LEs                 ; Yes        ; |fpga|keyboard_scanner:keyboard_scanner_inst|debouncer:debounce_gen_block[5].inst_debouncer|count_reg[1]  ;
; 3:1                ; 20 bits   ; 40 LEs        ; 20 LEs               ; 20 LEs                 ; Yes        ; |fpga|keyboard_scanner:keyboard_scanner_inst|debouncer:debounce_gen_block[6].inst_debouncer|count_reg[1]  ;
; 3:1                ; 5 bits    ; 10 LEs        ; 10 LEs               ; 0 LEs                  ; Yes        ; |fpga|piano_recorder:piano_recorder_inst|playback_key_id[1]                                               ;
; 3:1                ; 18 bits   ; 36 LEs        ; 18 LEs               ; 18 LEs                 ; Yes        ; |fpga|buzzer_counter_reg[2]                                                                               ;
; 3:1                ; 2 bits    ; 4 LEs         ; 2 LEs                ; 2 LEs                  ; Yes        ; |fpga|seven_segment_controller:seven_segment_display_inst|seg_c                                           ;
; 10:1               ; 2 bits    ; 12 LEs        ; 10 LEs               ; 2 LEs                  ; Yes        ; |fpga|seven_segment_controller:seven_segment_display_inst|seg_a                                           ;
; 5:1                ; 9 bits    ; 27 LEs        ; 9 LEs                ; 18 LEs                 ; Yes        ; |fpga|piano_recorder:piano_recorder_inst|record_write_ptr[0]                                              ;
; 6:1                ; 9 bits    ; 36 LEs        ; 9 LEs                ; 27 LEs                 ; Yes        ; |fpga|piano_recorder:piano_recorder_inst|last_recorded_ptr[8]                                             ;
; 3:1                ; 16 bits   ; 32 LEs        ; 32 LEs               ; 0 LEs                  ; No         ; |fpga|final_target_count_max[4]                                                                           ;
; 5:1                ; 9 bits    ; 27 LEs        ; 18 LEs               ; 9 LEs                  ; No         ; |fpga|piano_recorder:piano_recorder_inst|Selector51                                                       ;
; 9:1                ; 3 bits    ; 18 LEs        ; 6 LEs                ; 12 LEs                 ; No         ; |fpga|piano_recorder:piano_recorder_inst|Selector22                                                       ;
+--------------------+-----------+---------------+----------------------+------------------------+------------+-----------------------------------------------------------------------------------------------------------+


+--------------------------------------------------------------------------------------------------------------------------------+
; Source assignments for piano_recorder:piano_recorder_inst|altsyncram:recorded_data_memory_rtl_0|altsyncram_usg1:auto_generated ;
+---------------------------------+--------------------+------+------------------------------------------------------------------+
; Assignment                      ; Value              ; From ; To                                                               ;
+---------------------------------+--------------------+------+------------------------------------------------------------------+
; OPTIMIZE_POWER_DURING_SYNTHESIS ; NORMAL_COMPILATION ; -    ; -                                                                ;
+---------------------------------+--------------------+------+------------------------------------------------------------------+


+-------------------------------------------------------------------------------------+
; Parameter Settings for User Entity Instance: keyboard_scanner:keyboard_scanner_inst ;
+------------------+-------+----------------------------------------------------------+
; Parameter Name   ; Value ; Type                                                     ;
+------------------+-------+----------------------------------------------------------+
; NUM_KEYS         ; 7     ; Signed Integer                                           ;
; DEBOUNCE_TIME_MS ; 20    ; Signed Integer                                           ;
+------------------+-------+----------------------------------------------------------+
Note: In order to hide this table in the UI and the text report file, please set the "Show Parameter Settings in Synthesis Report" option in "Analysis and Synthesis Settings -> More Settings" to "Off".


+------------------------------------------------------------------------------------------------------------------------------------+
; Parameter Settings for User Entity Instance: keyboard_scanner:keyboard_scanner_inst|debouncer:debounce_gen_block[0].inst_debouncer ;
+-----------------+---------+--------------------------------------------------------------------------------------------------------+
; Parameter Name  ; Value   ; Type                                                                                                   ;
+-----------------+---------+--------------------------------------------------------------------------------------------------------+
; DEBOUNCE_CYCLES ; 1000000 ; Signed Integer                                                                                         ;
+-----------------+---------+--------------------------------------------------------------------------------------------------------+
Note: In order to hide this table in the UI and the text report file, please set the "Show Parameter Settings in Synthesis Report" option in "Analysis and Synthesis Settings -> More Settings" to "Off".


+------------------------------------------------------------------------------------------------------------------------------------+
; Parameter Settings for User Entity Instance: keyboard_scanner:keyboard_scanner_inst|debouncer:debounce_gen_block[1].inst_debouncer ;
+-----------------+---------+--------------------------------------------------------------------------------------------------------+
; Parameter Name  ; Value   ; Type                                                                                                   ;
+-----------------+---------+--------------------------------------------------------------------------------------------------------+
; DEBOUNCE_CYCLES ; 1000000 ; Signed Integer                                                                                         ;
+-----------------+---------+--------------------------------------------------------------------------------------------------------+
Note: In order to hide this table in the UI and the text report file, please set the "Show Parameter Settings in Synthesis Report" option in "Analysis and Synthesis Settings -> More Settings" to "Off".


+------------------------------------------------------------------------------------------------------------------------------------+
; Parameter Settings for User Entity Instance: keyboard_scanner:keyboard_scanner_inst|debouncer:debounce_gen_block[2].inst_debouncer ;
+-----------------+---------+--------------------------------------------------------------------------------------------------------+
; Parameter Name  ; Value   ; Type                                                                                                   ;
+-----------------+---------+--------------------------------------------------------------------------------------------------------+
; DEBOUNCE_CYCLES ; 1000000 ; Signed Integer                                                                                         ;
+-----------------+---------+--------------------------------------------------------------------------------------------------------+
Note: In order to hide this table in the UI and the text report file, please set the "Show Parameter Settings in Synthesis Report" option in "Analysis and Synthesis Settings -> More Settings" to "Off".


+------------------------------------------------------------------------------------------------------------------------------------+
; Parameter Settings for User Entity Instance: keyboard_scanner:keyboard_scanner_inst|debouncer:debounce_gen_block[3].inst_debouncer ;
+-----------------+---------+--------------------------------------------------------------------------------------------------------+
; Parameter Name  ; Value   ; Type                                                                                                   ;
+-----------------+---------+--------------------------------------------------------------------------------------------------------+
; DEBOUNCE_CYCLES ; 1000000 ; Signed Integer                                                                                         ;
+-----------------+---------+--------------------------------------------------------------------------------------------------------+
Note: In order to hide this table in the UI and the text report file, please set the "Show Parameter Settings in Synthesis Report" option in "Analysis and Synthesis Settings -> More Settings" to "Off".


+------------------------------------------------------------------------------------------------------------------------------------+
; Parameter Settings for User Entity Instance: keyboard_scanner:keyboard_scanner_inst|debouncer:debounce_gen_block[4].inst_debouncer ;
+-----------------+---------+--------------------------------------------------------------------------------------------------------+
; Parameter Name  ; Value   ; Type                                                                                                   ;
+-----------------+---------+--------------------------------------------------------------------------------------------------------+
; DEBOUNCE_CYCLES ; 1000000 ; Signed Integer                                                                                         ;
+-----------------+---------+--------------------------------------------------------------------------------------------------------+
Note: In order to hide this table in the UI and the text report file, please set the "Show Parameter Settings in Synthesis Report" option in "Analysis and Synthesis Settings -> More Settings" to "Off".


+------------------------------------------------------------------------------------------------------------------------------------+
; Parameter Settings for User Entity Instance: keyboard_scanner:keyboard_scanner_inst|debouncer:debounce_gen_block[5].inst_debouncer ;
+-----------------+---------+--------------------------------------------------------------------------------------------------------+
; Parameter Name  ; Value   ; Type                                                                                                   ;
+-----------------+---------+--------------------------------------------------------------------------------------------------------+
; DEBOUNCE_CYCLES ; 1000000 ; Signed Integer                                                                                         ;
+-----------------+---------+--------------------------------------------------------------------------------------------------------+
Note: In order to hide this table in the UI and the text report file, please set the "Show Parameter Settings in Synthesis Report" option in "Analysis and Synthesis Settings -> More Settings" to "Off".


+------------------------------------------------------------------------------------------------------------------------------------+
; Parameter Settings for User Entity Instance: keyboard_scanner:keyboard_scanner_inst|debouncer:debounce_gen_block[6].inst_debouncer ;
+-----------------+---------+--------------------------------------------------------------------------------------------------------+
; Parameter Name  ; Value   ; Type                                                                                                   ;
+-----------------+---------+--------------------------------------------------------------------------------------------------------+
; DEBOUNCE_CYCLES ; 1000000 ; Signed Integer                                                                                         ;
+-----------------+---------+--------------------------------------------------------------------------------------------------------+
Note: In order to hide this table in the UI and the text report file, please set the "Show Parameter Settings in Synthesis Report" option in "Analysis and Synthesis Settings -> More Settings" to "Off".


+---------------------------------------------------------------------------------+
; Parameter Settings for User Entity Instance: debouncer:octave_up_debouncer_inst ;
+-----------------+---------+-----------------------------------------------------+
; Parameter Name  ; Value   ; Type                                                ;
+-----------------+---------+-----------------------------------------------------+
; DEBOUNCE_CYCLES ; 1000000 ; Signed Integer                                      ;
+-----------------+---------+-----------------------------------------------------+
Note: In order to hide this table in the UI and the text report file, please set the "Show Parameter Settings in Synthesis Report" option in "Analysis and Synthesis Settings -> More Settings" to "Off".


+-----------------------------------------------------------------------------------+
; Parameter Settings for User Entity Instance: debouncer:octave_down_debouncer_inst ;
+-----------------+---------+-------------------------------------------------------+
; Parameter Name  ; Value   ; Type                                                  ;
+-----------------+---------+-------------------------------------------------------+
; DEBOUNCE_CYCLES ; 1000000 ; Signed Integer                                        ;
+-----------------+---------+-------------------------------------------------------+
Note: In order to hide this table in the UI and the text report file, please set the "Show Parameter Settings in Synthesis Report" option in "Analysis and Synthesis Settings -> More Settings" to "Off".


+------------------------------------------------------------------------------+
; Parameter Settings for User Entity Instance: debouncer:record_debouncer_inst ;
+-----------------+---------+--------------------------------------------------+
; Parameter Name  ; Value   ; Type                                             ;
+-----------------+---------+--------------------------------------------------+
; DEBOUNCE_CYCLES ; 1000000 ; Signed Integer                                   ;
+-----------------+---------+--------------------------------------------------+
Note: In order to hide this table in the UI and the text report file, please set the "Show Parameter Settings in Synthesis Report" option in "Analysis and Synthesis Settings -> More Settings" to "Off".


+--------------------------------------------------------------------------------+
; Parameter Settings for User Entity Instance: debouncer:playback_debouncer_inst ;
+-----------------+---------+----------------------------------------------------+
; Parameter Name  ; Value   ; Type                                               ;
+-----------------+---------+----------------------------------------------------+
; DEBOUNCE_CYCLES ; 1000000 ; Signed Integer                                     ;
+-----------------+---------+----------------------------------------------------+
Note: In order to hide this table in the UI and the text report file, please set the "Show Parameter Settings in Synthesis Report" option in "Analysis and Synthesis Settings -> More Settings" to "Off".


+---------------------------------------------------------------------------------+
; Parameter Settings for User Entity Instance: piano_recorder:piano_recorder_inst ;
+--------------------+----------+-------------------------------------------------+
; Parameter Name     ; Value    ; Type                                            ;
+--------------------+----------+-------------------------------------------------+
; CLK_FREQ_HZ        ; 50000000 ; Signed Integer                                  ;
; RECORD_INTERVAL_MS ; 20       ; Signed Integer                                  ;
; MAX_RECORD_SAMPLES ; 512      ; Signed Integer                                  ;
; KEY_ID_BITS        ; 3        ; Signed Integer                                  ;
; OCTAVE_BITS        ; 2        ; Signed Integer                                  ;
+--------------------+----------+-------------------------------------------------+
Note: In order to hide this table in the UI and the text report file, please set the "Show Parameter Settings in Synthesis Report" option in "Analysis and Synthesis Settings -> More Settings" to "Off".


+---------------------------------------------------------------------------------------------------------------------------+
; Parameter Settings for Inferred Entity Instance: piano_recorder:piano_recorder_inst|altsyncram:recorded_data_memory_rtl_0 ;
+------------------------------------+----------------------+---------------------------------------------------------------+
; Parameter Name                     ; Value                ; Type                                                          ;
+------------------------------------+----------------------+---------------------------------------------------------------+
; BYTE_SIZE_BLOCK                    ; 8                    ; Untyped                                                       ;
; AUTO_CARRY_CHAINS                  ; ON                   ; AUTO_CARRY                                                    ;
; IGNORE_CARRY_BUFFERS               ; OFF                  ; IGNORE_CARRY                                                  ;
; AUTO_CASCADE_CHAINS                ; ON                   ; AUTO_CASCADE                                                  ;
; IGNORE_CASCADE_BUFFERS             ; OFF                  ; IGNORE_CASCADE                                                ;
; WIDTH_BYTEENA                      ; 1                    ; Untyped                                                       ;
; OPERATION_MODE                     ; DUAL_PORT            ; Untyped                                                       ;
; WIDTH_A                            ; 6                    ; Untyped                                                       ;
; WIDTHAD_A                          ; 9                    ; Untyped                                                       ;
; NUMWORDS_A                         ; 512                  ; Untyped                                                       ;
; OUTDATA_REG_A                      ; UNREGISTERED         ; Untyped                                                       ;
; ADDRESS_ACLR_A                     ; NONE                 ; Untyped                                                       ;
; OUTDATA_ACLR_A                     ; NONE                 ; Untyped                                                       ;
; WRCONTROL_ACLR_A                   ; NONE                 ; Untyped                                                       ;
; INDATA_ACLR_A                      ; NONE                 ; Untyped                                                       ;
; BYTEENA_ACLR_A                     ; NONE                 ; Untyped                                                       ;
; WIDTH_B                            ; 6                    ; Untyped                                                       ;
; WIDTHAD_B                          ; 9                    ; Untyped                                                       ;
; NUMWORDS_B                         ; 512                  ; Untyped                                                       ;
; INDATA_REG_B                       ; CLOCK1               ; Untyped                                                       ;
; WRCONTROL_WRADDRESS_REG_B          ; CLOCK1               ; Untyped                                                       ;
; RDCONTROL_REG_B                    ; CLOCK1               ; Untyped                                                       ;
; ADDRESS_REG_B                      ; CLOCK0               ; Untyped                                                       ;
; OUTDATA_REG_B                      ; UNREGISTERED         ; Untyped                                                       ;
; BYTEENA_REG_B                      ; CLOCK1               ; Untyped                                                       ;
; INDATA_ACLR_B                      ; NONE                 ; Untyped                                                       ;
; WRCONTROL_ACLR_B                   ; NONE                 ; Untyped                                                       ;
; ADDRESS_ACLR_B                     ; NONE                 ; Untyped                                                       ;
; OUTDATA_ACLR_B                     ; NONE                 ; Untyped                                                       ;
; RDCONTROL_ACLR_B                   ; NONE                 ; Untyped                                                       ;
; BYTEENA_ACLR_B                     ; NONE                 ; Untyped                                                       ;
; WIDTH_BYTEENA_A                    ; 1                    ; Untyped                                                       ;
; WIDTH_BYTEENA_B                    ; 1                    ; Untyped                                                       ;
; RAM_BLOCK_TYPE                     ; AUTO                 ; Untyped                                                       ;
; BYTE_SIZE                          ; 8                    ; Untyped                                                       ;
; READ_DURING_WRITE_MODE_MIXED_PORTS ; OLD_DATA             ; Untyped                                                       ;
; READ_DURING_WRITE_MODE_PORT_A      ; NEW_DATA_NO_NBE_READ ; Untyped                                                       ;
; READ_DURING_WRITE_MODE_PORT_B      ; NEW_DATA_NO_NBE_READ ; Untyped                                                       ;
; INIT_FILE                          ; UNUSED               ; Untyped                                                       ;
; INIT_FILE_LAYOUT                   ; PORT_A               ; Untyped                                                       ;
; MAXIMUM_DEPTH                      ; 0                    ; Untyped                                                       ;
; CLOCK_ENABLE_INPUT_A               ; NORMAL               ; Untyped                                                       ;
; CLOCK_ENABLE_INPUT_B               ; NORMAL               ; Untyped                                                       ;
; CLOCK_ENABLE_OUTPUT_A              ; NORMAL               ; Untyped                                                       ;
; CLOCK_ENABLE_OUTPUT_B              ; NORMAL               ; Untyped                                                       ;
; CLOCK_ENABLE_CORE_A                ; USE_INPUT_CLKEN      ; Untyped                                                       ;
; CLOCK_ENABLE_CORE_B                ; USE_INPUT_CLKEN      ; Untyped                                                       ;
; ENABLE_ECC                         ; FALSE                ; Untyped                                                       ;
; ECC_PIPELINE_STAGE_ENABLED         ; FALSE                ; Untyped                                                       ;
; WIDTH_ECCSTATUS                    ; 3                    ; Untyped                                                       ;
; DEVICE_FAMILY                      ; Cyclone IV E         ; Untyped                                                       ;
; CBXI_PARAMETER                     ; altsyncram_usg1      ; Untyped                                                       ;
+------------------------------------+----------------------+---------------------------------------------------------------+
Note: In order to hide this table in the UI and the text report file, please set the "Show Parameter Settings in Synthesis Report" option in "Analysis and Synthesis Settings -> More Settings" to "Off".


+----------------------------------------------------------------------------------------------------------------------+
; altsyncram Parameter Settings by Entity Instance                                                                     ;
+-------------------------------------------+--------------------------------------------------------------------------+
; Name                                      ; Value                                                                    ;
+-------------------------------------------+--------------------------------------------------------------------------+
; Number of entity instances                ; 1                                                                        ;
; Entity Instance                           ; piano_recorder:piano_recorder_inst|altsyncram:recorded_data_memory_rtl_0 ;
;     -- OPERATION_MODE                     ; DUAL_PORT                                                                ;
;     -- WIDTH_A                            ; 6                                                                        ;
;     -- NUMWORDS_A                         ; 512                                                                      ;
;     -- OUTDATA_REG_A                      ; UNREGISTERED                                                             ;
;     -- WIDTH_B                            ; 6                                                                        ;
;     -- NUMWORDS_B                         ; 512                                                                      ;
;     -- ADDRESS_REG_B                      ; CLOCK0                                                                   ;
;     -- OUTDATA_REG_B                      ; UNREGISTERED                                                             ;
;     -- RAM_BLOCK_TYPE                     ; AUTO                                                                     ;
;     -- READ_DURING_WRITE_MODE_MIXED_PORTS ; OLD_DATA                                                                 ;
+-------------------------------------------+--------------------------------------------------------------------------+


+-------------------------------------------------------------------------------------------------------------------------------------------------------------------------------------------+
; Port Connectivity Checks: "piano_recorder:piano_recorder_inst"                                                                                                                            ;
+------------------------+--------+----------+----------------------------------------------------------------------------------------------------------------------------------------------+
; Port                   ; Type   ; Severity ; Details                                                                                                                                      ;
+------------------------+--------+----------+----------------------------------------------------------------------------------------------------------------------------------------------+
; is_recording           ; Output ; Info     ; Connected to dangling logic. Logic that only feeds a dangling port will be removed.                                                          ;
; record_start_stop_edge ; Input  ; Warning  ; Declared by entity but not connected by instance. If a default value exists, it will be used.  Otherwise, the port will be connected to GND. ;
+------------------------+--------+----------+----------------------------------------------------------------------------------------------------------------------------------------------+


+-----------------------------------------------------+
; Post-Synthesis Netlist Statistics for Top Partition ;
+-----------------------+-----------------------------+
; Type                  ; Count                       ;
+-----------------------+-----------------------------+
; boundary_port         ; 30                          ;
; cycloneiii_ff         ; 380                         ;
;     CLR               ; 97                          ;
;     CLR SCLR          ; 18                          ;
;     ENA               ; 6                           ;
;     ENA CLR           ; 9                           ;
;     ENA CLR SCLR      ; 229                         ;
;     ENA CLR SLD       ; 3                           ;
;     ENA SLD           ; 2                           ;
;     plain             ; 16                          ;
; cycloneiii_lcell_comb ; 707                         ;
;     arith             ; 354                         ;
;         2 data inputs ; 311                         ;
;         3 data inputs ; 43                          ;
;     normal            ; 353                         ;
;         0 data inputs ; 4                           ;
;         1 data inputs ; 17                          ;
;         2 data inputs ; 51                          ;
;         3 data inputs ; 62                          ;
;         4 data inputs ; 219                         ;
; cycloneiii_ram_block  ; 6                           ;
;                       ;                             ;
; Max LUT depth         ; 10.70                       ;
; Average LUT depth     ; 4.22                        ;
+-----------------------+-----------------------------+


+-------------------------------+
; Elapsed Time Per Partition    ;
+----------------+--------------+
; Partition Name ; Elapsed Time ;
+----------------+--------------+
; Top            ; 00:00:02     ;
+----------------+--------------+


+-------------------------------+
; Analysis & Synthesis Messages ;
+-------------------------------+
Info: *******************************************************************
Info: Running Quartus Prime Analysis & Synthesis
    Info: Version 18.1.0 Build 625 09/12/2018 SJ Lite Edition
    Info: Processing started: Tue Jun 03 23:25:11 2025
Info: Command: quartus_map --read_settings_files=on --write_settings_files=off fpga -c fpga
Warning (18236): Number of processors has not been specified which may cause overloading on shared machines.  Set the global assignment NUM_PARALLEL_PROCESSORS in your QSF to an appropriate value for best performance.
Info (20030): Parallel compilation is enabled and will use 10 of the 10 processors detected
Info (12021): Found 1 design units, including 1 entities, in source file fpga.v
    Info (12023): Found entity 1: fpga File: D:/github_project/fpga/fpga.v Line: 2
Info (12021): Found 1 design units, including 1 entities, in source file debouncer.v
    Info (12023): Found entity 1: debouncer File: D:/github_project/fpga/debouncer.v Line: 2
Info (12021): Found 1 design units, including 1 entities, in source file keyboard_scanner.v
    Info (12023): Found entity 1: keyboard_scanner File: D:/github_project/fpga/keyboard_scanner.v Line: 2
Info (12021): Found 1 design units, including 1 entities, in source file seven_segment_decoder.v
    Info (12023): Found entity 1: seven_segment_controller File: D:/github_project/fpga/seven_segment_decoder.v Line: 2
Info (12021): Found 1 design units, including 1 entities, in source file piano_recorder.v
    Info (12023): Found entity 1: piano_recorder File: D:/github_project/fpga/piano_recorder.v Line: 2
Info (12127): Elaborating entity "fpga" for the top level hierarchy
Warning (10230): Verilog HDL assignment warning at fpga.v(145): truncated value with size 32 to match size of target (18) File: D:/github_project/fpga/fpga.v Line: 145
Warning (10230): Verilog HDL assignment warning at fpga.v(147): truncated value with size 32 to match size of target (18) File: D:/github_project/fpga/fpga.v Line: 147
Info (12128): Elaborating entity "keyboard_scanner" for hierarchy "keyboard_scanner:keyboard_scanner_inst" File: D:/github_project/fpga/fpga.v Line: 44
Warning (10230): Verilog HDL assignment warning at keyboard_scanner.v(51): truncated value with size 32 to match size of target (3) File: D:/github_project/fpga/keyboard_scanner.v Line: 51
Info (12128): Elaborating entity "debouncer" for hierarchy "keyboard_scanner:keyboard_scanner_inst|debouncer:debounce_gen_block[0].inst_debouncer" File: D:/github_project/fpga/keyboard_scanner.v Line: 32
Info (12128): Elaborating entity "piano_recorder" for hierarchy "piano_recorder:piano_recorder_inst" File: D:/github_project/fpga/fpga.v Line: 107
Warning (10230): Verilog HDL assignment warning at piano_recorder.v(127): truncated value with size 32 to match size of target (9) File: D:/github_project/fpga/piano_recorder.v Line: 127
Warning (10230): Verilog HDL assignment warning at piano_recorder.v(131): truncated value with size 32 to match size of target (9) File: D:/github_project/fpga/piano_recorder.v Line: 131
Warning (10230): Verilog HDL assignment warning at piano_recorder.v(134): truncated value with size 32 to match size of target (20) File: D:/github_project/fpga/piano_recorder.v Line: 134
Warning (10230): Verilog HDL assignment warning at piano_recorder.v(150): truncated value with size 32 to match size of target (9) File: D:/github_project/fpga/piano_recorder.v Line: 150
Warning (10230): Verilog HDL assignment warning at piano_recorder.v(157): truncated value with size 32 to match size of target (20) File: D:/github_project/fpga/piano_recorder.v Line: 157
Info (12128): Elaborating entity "seven_segment_controller" for hierarchy "seven_segment_controller:seven_segment_display_inst" File: D:/github_project/fpga/fpga.v Line: 180
Warning (10230): Verilog HDL assignment warning at seven_segment_decoder.v(74): truncated value with size 32 to match size of target (19) File: D:/github_project/fpga/seven_segment_decoder.v Line: 74
Warning (276020): Inferred RAM node "piano_recorder:piano_recorder_inst|recorded_data_memory_rtl_0" from synchronous design logic.  Pass-through logic has been added to match the read-during-write behavior of the original design.
Info (19000): Inferred 1 megafunctions from design logic
    Info (276029): Inferred altsyncram megafunction from the following design logic: "piano_recorder:piano_recorder_inst|recorded_data_memory_rtl_0" 
        Info (286033): Parameter OPERATION_MODE set to DUAL_PORT
        Info (286033): Parameter WIDTH_A set to 6
        Info (286033): Parameter WIDTHAD_A set to 9
        Info (286033): Parameter NUMWORDS_A set to 512
        Info (286033): Parameter WIDTH_B set to 6
        Info (286033): Parameter WIDTHAD_B set to 9
        Info (286033): Parameter NUMWORDS_B set to 512
        Info (286033): Parameter ADDRESS_ACLR_A set to NONE
        Info (286033): Parameter OUTDATA_REG_B set to UNREGISTERED
        Info (286033): Parameter ADDRESS_ACLR_B set to NONE
        Info (286033): Parameter OUTDATA_ACLR_B set to NONE
        Info (286033): Parameter ADDRESS_REG_B set to CLOCK0
        Info (286033): Parameter INDATA_ACLR_A set to NONE
        Info (286033): Parameter WRCONTROL_ACLR_A set to NONE
        Info (286033): Parameter READ_DURING_WRITE_MODE_MIXED_PORTS set to OLD_DATA
Info (12130): Elaborated megafunction instantiation "piano_recorder:piano_recorder_inst|altsyncram:recorded_data_memory_rtl_0"
Info (12133): Instantiated megafunction "piano_recorder:piano_recorder_inst|altsyncram:recorded_data_memory_rtl_0" with the following parameter:
    Info (12134): Parameter "OPERATION_MODE" = "DUAL_PORT"
    Info (12134): Parameter "WIDTH_A" = "6"
    Info (12134): Parameter "WIDTHAD_A" = "9"
    Info (12134): Parameter "NUMWORDS_A" = "512"
    Info (12134): Parameter "WIDTH_B" = "6"
    Info (12134): Parameter "WIDTHAD_B" = "9"
    Info (12134): Parameter "NUMWORDS_B" = "512"
    Info (12134): Parameter "ADDRESS_ACLR_A" = "NONE"
    Info (12134): Parameter "OUTDATA_REG_B" = "UNREGISTERED"
    Info (12134): Parameter "ADDRESS_ACLR_B" = "NONE"
    Info (12134): Parameter "OUTDATA_ACLR_B" = "NONE"
    Info (12134): Parameter "ADDRESS_REG_B" = "CLOCK0"
    Info (12134): Parameter "INDATA_ACLR_A" = "NONE"
    Info (12134): Parameter "WRCONTROL_ACLR_A" = "NONE"
    Info (12134): Parameter "READ_DURING_WRITE_MODE_MIXED_PORTS" = "OLD_DATA"
Info (12021): Found 1 design units, including 1 entities, in source file db/altsyncram_usg1.tdf
    Info (12023): Found entity 1: altsyncram_usg1 File: D:/github_project/fpga/db/altsyncram_usg1.tdf Line: 27
Warning (12241): 1 hierarchies have connectivity warnings - see the Connectivity Checks report folder
Info (13000): Registers with preset signals will power-up high File: D:/github_project/fpga/seven_segment_decoder.v Line: 50
Info (13003): DEV_CLRn pin will set, and not reset, register with preset signal due to NOT Gate Push-Back
Warning (13024): Output pins are stuck at VCC or GND
    Warning (13410): Pin "seven_seg_dp" is stuck at GND File: D:/github_project/fpga/fpga.v Line: 18
    Warning (13410): Pin "seven_seg_digit_selects[0]" is stuck at GND File: D:/github_project/fpga/fpga.v Line: 20
    Warning (13410): Pin "seven_seg_digit_selects[3]" is stuck at GND File: D:/github_project/fpga/fpga.v Line: 20
    Warning (13410): Pin "seven_seg_digit_selects[4]" is stuck at GND File: D:/github_project/fpga/fpga.v Line: 20
    Warning (13410): Pin "seven_seg_digit_selects[5]" is stuck at GND File: D:/github_project/fpga/fpga.v Line: 20
    Warning (13410): Pin "seven_seg_digit_selects[6]" is stuck at GND File: D:/github_project/fpga/fpga.v Line: 20
    Warning (13410): Pin "seven_seg_digit_selects[7]" is stuck at GND File: D:/github_project/fpga/fpga.v Line: 20
Info (286030): Timing-Driven Synthesis is running
Info (16010): Generating hard_block partition "hard_block:auto_generated_inst"
    Info (16011): Adding 0 node(s), including 0 DDIO, 0 PLL, 0 transceiver and 0 LCELL
Info (21057): Implemented 796 device resources after synthesis - the final resource count might be different
    Info (21058): Implemented 13 input pins
    Info (21059): Implemented 17 output pins
    Info (21061): Implemented 760 logic cells
    Info (21064): Implemented 6 RAM segments
Info: Quartus Prime Analysis & Synthesis was successful. 0 errors, 20 warnings
    Info: Peak virtual memory: 4826 megabytes
    Info: Processing ended: Tue Jun 03 23:25:24 2025
    Info: Elapsed time: 00:00:13
    Info: Total CPU time (on all processors): 00:00:07


